// comment 0  comment 1 
PACKAGE a

IMPORTPATH
	testdata/a

FILENAMES
	testdata/a0.go
	testdata/a1.go

BUGS .Bugs is now deprecated, please use .Notes instead
	// bug0 
	// bug1 

BUGS
	// bug0 
	// bug1 

SECBUGS
	// sec hole 0 need to fix asap 

TODOS
	// todo0 
	// todo1 
